0 0
1 1
2 2
3 3
4 4
5 5
6 6
7 7
8 8
9 9
10 10
11 11
12 12
13 12
14 5
15 13
16 10
17 0
18 1
19 14
20 15
21 2
22 13
23 7
24 6
25 11
26 16
27 17
28 18
29 19
