0 17
1 9
2 14
3 9
4 8
5 14
6 8
7 17
8 8
9 9
10 18
11 9
12 13
13 13
14 14
15 18
16 18
17 17
18 18
19 19
