0 0
1 1
19 1
5 2
7 2
6 3
48 3
8 4
10 5
33 5
11 6
34 6
13 7
30 7
12 8
36 8
15 9
4 10
3 11
31 11
9 12
21 13
20 14
24 15
26 16
28 17
25 18
49 18
23 19
35 20
27 21
40 22
46 22
18 23
37 24
43 24
39 25
45 26
47 27
