0 41
1 4
2 36
3 12
4 4
5 47
6 44
7 11
8 47
9 36
10 30
11 11
12 39
13 4
14 30
15 46
16 12
17 25
18 40
19 25
20 25
21 11
22 46
23 12
24 41
25 25
26 39
27 36
28 4
29 43
30 30
31 30
32 41
33 43
34 43
35 40
36 36
37 11
38 44
39 39
40 40
41 4
42 46
43 39
44 12
45 47
46 46
47 46
48 43
49 44
