0 0
17 0
2 1
3 2
44 2
46 2
5 3
6 4
1 5
16 5
8 6
13 6
10 7
9 8
12 9
35 9
14 10
19 10
15 11
41 11
22 12
23 13
24 14
25 15
26 16
49 16
27 17
30 17
29 18
20 19
32 20
33 21
43 21
28 22
36 23
18 24
38 25
4 26
39 27
21 28
42 29
47 29
48 30
