0 0
1 1
2 2
3 3
4 4
5 5
6 6
7 7
8 5
9 8
10 9
11 10
12 6
13 0
14 11
15 3
16 12
17 7
18 13
19 14
