0 0
1 1
2 2
3 3
4 4
5 5
6 6
7 7
8 4
9 8
10 9
11 1
12 10
13 11
14 0
15 12
16 5
17 9
18 13
19 14
